Content-Type: text/x-zim-wiki
Wiki-Format: zim 0.4
Creation-Date: 2019-12-06T22:58:42+03:00

====== Домашняя ======
Создан Пятница 06 декабря 2019

===== Бэкап записной книжки на GitHub =====
$ git add -A # добавить новые и измененные файлы в индекс

$ git commit -am "Changes backup..."
$ git push origin master 

# или

$ git commit --amend -m "Changes backup..." # чтобы не плодить новые коммиты можно делать так (требуется проверка)
$ git push origin [[+master]]
# если коммитить с помощью  git commit --amend и пушить с помощью git push origin master, то получим ошибку:

'''
To github.com:m6v/Notes.git
 ! [rejected]        master -> master (non-fast-forward)
error: не удалось отправить некоторые ссылки в «git@github.com:m6v/Notes.git»
подсказка: Обновления были отклонены, так как верхушка вашей текущей ветки
подсказка: позади ее внешней части. Заберите и слейте внешние изменения 
подсказка: (например, с помощью «git pull …») перед повторной попыткой отправки
подсказка: изменений.
'''

знак "+" перед именем ветки аналогичен опции -f или --force

Ошибка исправляется с помощью команды
$ git pull origin master
